<?xml version="1.0" encoding="UTF-8"?>
<testsuites name="jest tests" tests="12" failures="0" time="4.701">
  <testsuite name="Article Routes" errors="0" failures="0" skipped="0" timestamp="2019-05-29T20:00:07" time="3.269" tests="12">
    <testcase classname="Article Routes #index renders the index with the correct data" name="Article Routes #index renders the index with the correct data" time="0.01">
    </testcase>
    <testcase classname="Article Routes #index sets the correct jsonld" name="Article Routes #index sets the correct jsonld" time="0.002">
    </testcase>
    <testcase classname="Article Routes #index nexts if media is unpublished" name="Article Routes #index nexts if media is unpublished" time="0.001">
    </testcase>
    <testcase classname="Article Routes #index redirects to the main slug if an older slug is queried" name="Article Routes #index redirects to the main slug if an older slug is queried" time="0.002">
    </testcase>
    <testcase classname="Article Routes #index redirects to the layout if it is not a standard/feature article" name="Article Routes #index redirects to the layout if it is not a standard/feature article" time="0.001">
    </testcase>
    <testcase classname="Article Routes #index does not strip search params from redirects" name="Article Routes #index does not strip search params from redirects" time="0">
    </testcase>
    <testcase classname="Article Routes #index redirects to a nested series if it is one" name="Article Routes #index redirects to a nested series if it is one" time="0.001">
    </testcase>
    <testcase classname="Article Routes #index renders classic mode if article is not editorial" name="Article Routes #index renders classic mode if article is not editorial" time="0.001">
    </testcase>
    <testcase classname="Article Routes #index redirects to partners.artsy.net if channel is GALLERY_INSIGHTS_CHANNEL" name="Article Routes #index redirects to partners.artsy.net if channel is GALLERY_INSIGHTS_CHANNEL" time="0">
    </testcase>
    <testcase classname="Article Routes #index templates sets the blank template for video layout" name="Article Routes #index templates sets the blank template for video layout" time="0.001">
    </testcase>
    <testcase classname="Article Routes #index templates sets the blank template for series layout" name="Article Routes #index templates sets the blank template for series layout" time="0.001">
    </testcase>
    <testcase classname="Article Routes #index templates sets the main template for standard layouts" name="Article Routes #index templates sets the main template for standard layouts" time="0.001">
    </testcase>
  </testsuite>
</testsuites>